a,description text,b
c,description text,d
c.a,description text,e
