a.other,description text,
c,description text,
c.a.other,description text,e
