{
      "data" => [
    [0] {
                 "id" => "__REMOVED__",
               "type" => "forbidden_words_list",
         "attributes" => {
                      "id" => "__REMOVED__",
                    "name" => "my name",
                 "content" => "my content",
              "project_id" => "__REMOVED__",
         "organization_id" => nil,
        "language_code_id" => nil,
         "country_code_id" => nil,
             "words_count" => 1
      },
      "relationships" => {
         "organization" => {
          "data" => nil
        },
              "project" => {
          "data" => {
              "id" => "__REMOVED__",
            "type" => "project"
          }
        },
        "language_code" => {
          "data" => nil
        },
         "country_code" => {
          "data" => nil
        }
      }
    }
  ],
  "included" => [
    [0] {
                 "id" => "__REMOVED__",
               "type" => "project",
         "attributes" => {
                                         "id" => "__REMOVED__",
                                       "name" => "My project",
                                "description" => nil,
                "machine_translation_enabled" => true,
                    "auto_translate_new_keys" => false,
               "auto_translate_new_languages" => false,
        "machine_translation_character_usage" => 0,
                                 "word_count" => 0,
                            "character_count" => 0,
                          "placeholder_start" => nil,
                            "placeholder_end" => nil,
                "validate_leading_whitespace" => true,
               "validate_trailing_whitespace" => true,
                 "validate_double_whitespace" => true,
                             "validate_https" => true,
                            "organization_id" => "__REMOVED__",
                               "issues_count" => 0,
                             "language_count" => 0,
                             "language_limit" => 2,
                     "language_limit_reached" => false,
                           "enabled_features" => [
          [ 0] "FEATURE_PERMISSION_SYSTEM",
          [ 1] "FEATURE_VALIDATIONS",
          [ 2] "FEATURE_KEY_HISTORY",
          [ 3] "FEATURE_EXPORT_HIERARCHY",
          [ 4] "FEATURE_POST_PROCESSING",
          [ 5] "FEATURE_PROJECT_ACTIVITY",
          [ 6] "FEATURE_TAGS",
          [ 7] "FEATURE_HTML_EDITOR",
          [ 8] "FEATURE_MACHINE_TRANSLATION_SUGGESTIONS",
          [ 9] "FEATURE_MACHINE_TRANSLATION_LANGUAGE",
          [10] "FEATURE_MACHINE_TRANSLATION_AUTO_TRANSLATE"
        ],
                 "machine_translation_active" => false
      },
      "relationships" => {
           "organization" => {
          "data" => {
              "id" => "__REMOVED__",
            "type" => "organization"
          }
        },
                   "keys" => {
          "data" => []
        },
              "languages" => {
          "data" => []
        },
        "project_columns" => {
          "data" => []
        },
               "releases" => {
          "data" => []
        },
                   "tags" => {
          "data" => []
        }
      }
    }
  ],
      "meta" => {
    "total" => 1
  }
}