{
    "error" => true,
  "message" => "DEBUG_SECRET_NOT_SET"
}