{
    "error" => true,
  "message" => "INVALID_SECRET"
}