{
  "error" => false,
   "data" => {
    "env" => "test"
  }
}