{
  "data" => {
               "id" => "__REMOVED__",
             "type" => "organization",
       "attributes" => {
                                       "id" => "__REMOVED__",
                                     "name" => "Test Name",
                             "trial_active" => false,
      "machine_translation_character_usage" => 0,
      "machine_translation_character_limit" => 10000,
                     "deepl_api_token_type" => nil,
                "uses_custom_deepl_account" => false,
                        "max_users_reached" => true,
                          "deepl_api_token" => nil,
                        "current_user_role" => "owner",
                            "trial_ends_at" => nil,
                         "enabled_features" => [
        [0] "FEATURE_TAGS"
      ],
                 "current_user_deactivated" => false,
          "current_user_deactivated_reason" => nil
    },
    "relationships" => {
      "projects" => {
        "data" => []
      }
    }
  }
}