{
  "texterify_timestamp" => "__REMOVED__",
       "txty_timestamp" => "__REMOVED__"
}