{
  "data" => {
               "id" => "__REMOVED__",
             "type" => "project",
       "attributes" => {
                                        "id" => "__REMOVED__",
                                      "name" => "Test Name",
                               "description" => "Test Description",
               "machine_translation_enabled" => true,
                   "auto_translate_new_keys" => false,
              "auto_translate_new_languages" => false,
       "machine_translation_character_usage" => 0,
                                "word_count" => 0,
                           "character_count" => 0,
                         "placeholder_start" => nil,
                           "placeholder_end" => nil,
               "validate_leading_whitespace" => true,
              "validate_trailing_whitespace" => true,
                "validate_double_whitespace" => true,
                            "validate_https" => true,
                           "organization_id" => "__REMOVED__",
                              "issues_count" => 0,
                            "language_count" => 0,
                            "language_limit" => 2,
                    "language_limit_reached" => false,
                                  "disabled" => false,
                         "current_user_role" => "translator",
                  "current_user_role_source" => "organization",
                          "enabled_features" => [
        [ 0] "FEATURE_PERMISSION_SYSTEM",
        [ 1] "FEATURE_VALIDATIONS",
        [ 2] "FEATURE_KEY_HISTORY",
        [ 3] "FEATURE_EXPORT_HIERARCHY",
        [ 4] "FEATURE_POST_PROCESSING",
        [ 5] "FEATURE_PROJECT_ACTIVITY",
        [ 6] "FEATURE_TAGS",
        [ 7] "FEATURE_HTML_EDITOR",
        [ 8] "FEATURE_MACHINE_TRANSLATION_SUGGESTIONS",
        [ 9] "FEATURE_MACHINE_TRANSLATION_LANGUAGE",
        [10] "FEATURE_MACHINE_TRANSLATION_AUTO_TRANSLATE"
      ],
                "machine_translation_active" => true,
                  "current_user_deactivated" => false,
           "current_user_deactivated_reason" => nil,
      "current_user_in_project_organization" => true,
                   "current_user_in_project" => false
    },
    "relationships" => {
         "organization" => {
        "data" => {
            "id" => "__REMOVED__",
          "type" => "organization"
        }
      },
                 "keys" => {
        "data" => []
      },
            "languages" => {
        "data" => []
      },
      "project_columns" => {
        "data" => []
      },
             "releases" => {
        "data" => []
      },
                 "tags" => {
        "data" => []
      }
    }
  }
}