<?xml version="1.0" encoding="UTF-8"?>
<xliff xmlns="urn:oasis:names:tc:xliff:document:1.2" version="1.2">
  <file original="Txty API" source-language="en-US" target-language="de-AT">
    <body>
      <trans-unit id="a">
        <source>a</source>
        <target>b</target>
      </trans-unit>
      <trans-unit id="_">
        <source>_</source>
        <target>!</target>
      </trans-unit>
    </body>
  </file>
</xliff>
