"non_plural_key_on" = "other content 1";
"non_plural_key_two" = "other content 2";
