<?xml version="1.0" encoding="UTF-8"?>
<!DOCTYPE plist PUBLIC "-//Apple//DTD PLIST 1.0//EN" "http://www.apple.com/DTDs/PropertyList-1.0.dtd">
<plist version="1.0">
  <dict>
    <key>plural_key_one</key>
    <dict>
      <key>NSStringLocalizedFormatKey</key>
      <string>%#@VARIABLE@</string>
      <key>VARIABLE</key>
      <dict>
        <key>NSStringFormatSpecTypeKey</key>
        <string>NSStringPluralRuleType</string>
        <key>NSStringFormatValueTypeKey</key>
        <string>d</string>
        <key>other</key>
        <string>other content 3</string>
      </dict>
    </dict>
    <key>plural_key_two</key>
    <dict>
      <key>NSStringLocalizedFormatKey</key>
      <string>%#@VARIABLE@</string>
      <key>VARIABLE</key>
      <dict>
        <key>NSStringFormatSpecTypeKey</key>
        <string>NSStringPluralRuleType</string>
        <key>NSStringFormatValueTypeKey</key>
        <string>d</string>
        <key>zero</key>
        <string>zero text</string>
        <key>one</key>
        <string>one text</string>
        <key>two</key>
        <string>two text</string>
        <key>few</key>
        <string>few text</string>
        <key>many</key>
        <string>many text</string>
        <key>other</key>
        <string>other content 4</string>
      </dict>
    </dict>
  </dict>
</plist>
